
Memory Configuration

Name             Origin             Length             Attributes
SRAM             0x20019000         0x00003000         xr
SDRAM            0xc0420000         0x00260000         rw
*default*        0x00000000         0xffffffff

Linker script and memory map

LOAD ./build/obj/_unit.o
LOAD ./build/obj/monodelay.o

.hooks          0x20019000       0x40
                0x20019000                . = ALIGN (0x4)
                0x20019000                _hooks_start = .
 *(.hooks)
 .hooks         0x20019000       0x40 ./build/obj/_unit.o
                0x20019040                . = ALIGN (0x4)
                0x20019040                _hooks_end = .

.init_array     0x20019040        0x4
                0x20019040                . = ALIGN (0x4)
                0x20019040                PROVIDE (__init_array_start, .)
 *(SORT(.init_array.*))
 *(.init_array*)
 .init_array    0x20019040        0x4 ./build/obj/monodelay.o
                0x20019044                . = ALIGN (0x4)
                0x20019044                PROVIDE (__init_array_end, .)

.text           0x20019048      0x1f4
                0x20019048                . = ALIGN (0x4)
                0x20019048                _text_start = .
 *(.text)
 .text          0x20019048       0x5c ./build/obj/_unit.o
                0x2001904a                _hook_resume
                0x2001904e                _hook_suspend
                0x20019052                _entry
 .text          0x200190a4      0x178 ./build/obj/monodelay.o
                0x200190a4                _hook_init
                0x20019108                _hook_process
                0x20019184                _hook_param
 *(.text.*)
 .text.startup  0x2001921c       0x18 ./build/obj/monodelay.o
 .text.startup.__stub
                0x20019234        0x8 linker stubs
 *(.glue_7)
 .glue_7        0x2001923c        0x0 linker stubs
 *(.glue_7t)
 .glue_7t       0x2001923c        0x0 linker stubs
 *(.gcc*)
                0x2001923c                . = ALIGN (0x4)
                0x2001923c                _text_end = .

.vfp11_veneer   0x2001923c        0x0
 .vfp11_veneer  0x2001923c        0x0 linker stubs

.v4_bx          0x2001923c        0x0
 .v4_bx         0x2001923c        0x0 linker stubs

.iplt           0x2001923c        0x0
 .iplt          0x2001923c        0x0 ./build/obj/_unit.o

.rel.dyn        0x2001923c        0x0
 .rel.iplt      0x2001923c        0x0 ./build/obj/_unit.o

.rodata         0x2001923c        0x0
                0x2001923c                . = ALIGN (0x4)
                0x2001923c                _rodata_start = .
 *(.rodata)
 *(.rodata.*)
                0x2001923c                . = ALIGN (0x4)
                0x2001923c                _rodata_end = .

.data           0x20019240        0x0
                0x20019240                . = ALIGN (0x8)
                0x20019240                _data_start = .
 *(.data)
 .data          0x20019240        0x0 ./build/obj/_unit.o
 .data          0x20019240        0x0 ./build/obj/monodelay.o
 *(.data.*)
                0x20019240                . = ALIGN (0x8)
                0x20019240                _data_end = .

.igot.plt       0x20019240        0x0
 .igot.plt      0x20019240        0x0 ./build/obj/_unit.o

.bss            0x20019240       0x28
                0x20019240                . = ALIGN (0x4)
                0x20019240                _bss_start = .
 *(.bss)
 .bss           0x20019240        0x0 ./build/obj/_unit.o
 .bss           0x20019240       0x28 ./build/obj/monodelay.o
                0x20019254                bpm
                0x20019258                s_len
                0x20019264                wetXN
 *(.bss.*)
 *(COMMON)
                0x20019268                . = ALIGN (0x4)
                0x20019268                _bss_end = .

.ARM.extab      0x20019268        0x0
                0x20019268                . = ALIGN (0x4)
                0x20019268                __extab_start = .
 *(.ARM.extab* .gnu.linkonce.armextab.*)
                0x20019268                . = ALIGN (0x4)
                0x20019268                __extab_end = .

.ARM.exidx      0x20019268        0x0
                0x20019268                __exidx_start = .
 *(.ARM.exidx* .gnu.linkonce.armexidx.*)
                0x20019268                __exidx_end = .

.eh_frame_hdr   0x20019268        0x0
                0x20019268                . = ALIGN (0x4)
                0x20019268                _eh_frame_hdr_start = .
 *(.eh_frame_hdr)
                0x20019268                . = ALIGN (0x4)
                0x20019268                _eh_frame_hdr_end = .

.eh_frame       0x20019268        0x0
                0x20019268                . = ALIGN (0x4)
                0x20019268                _eh_frame_start = .
 *(.eh_frame)
                0x20019268                . = ALIGN (0x4)
                0x20019268                _eh_frame_end = .

.sdram          0xc0420000    0xcd140
                0xc0420000                . = ALIGN (0x4)
                0xc0420000                _usr_sdram_start = .
 *(.sdram*)
 .sdram         0xc0420000    0xcd140 ./build/obj/monodelay.o
                0xc04ed140                . = ALIGN (0x4)
                0xc04ed140                _usr_sdram_end = .
LOAD ./ld/main_api.syms
                0x0807b000                k_fx_api_version = 0x807b000
                0x0807b004                k_fx_api_platform = 0x807b004
                0x0807b100                sqrtm2log_lut_f = 0x807b100
                0x0807b504                tanpi_lut_f = 0x807b504
                0x0807b908                log_lut_f = 0x807b908
                0x0807bd0c                bitres_lut_f = 0x807bd0c
                0x0807bf10                wt_sine_lut_f = 0x807bf10
                0x0807c114                schetzen_lut_f = 0x807c114
                0x0807c318                cubicsat_lut_f = 0x807c318
                0x0807c51c                pow2_lut_f = 0x807c51c
                0x0807c920                _fx_mcu_hash = 0x807c920
                0x0807c92c                _fx_rand = 0x807c92c
                0x0807c964                _fx_white = 0x807c964
                0x0807ca88                _fx_get_bpm = 0x807ca88
                0x0807ca8c                _fx_get_bpmf = 0x807ca8c
LOAD c:/users/bradl/desktop/code projects/korgfx/korgdelayfxset/delays/tools/gcc/gcc-arm-none-eabi-5_4-2016q3/bin/../lib/gcc/arm-none-eabi/5.4.1/../../../../arm-none-eabi/lib/armv7e-m/fpu\libm.a
START GROUP
LOAD c:/users/bradl/desktop/code projects/korgfx/korgdelayfxset/delays/tools/gcc/gcc-arm-none-eabi-5_4-2016q3/bin/../lib/gcc/arm-none-eabi/5.4.1/armv7e-m/fpu\libgcc.a
LOAD c:/users/bradl/desktop/code projects/korgfx/korgdelayfxset/delays/tools/gcc/gcc-arm-none-eabi-5_4-2016q3/bin/../lib/gcc/arm-none-eabi/5.4.1/../../../../arm-none-eabi/lib/armv7e-m/fpu\libg.a
LOAD c:/users/bradl/desktop/code projects/korgfx/korgdelayfxset/delays/tools/gcc/gcc-arm-none-eabi-5_4-2016q3/bin/../lib/gcc/arm-none-eabi/5.4.1/../../../../arm-none-eabi/lib/armv7e-m/fpu\libc.a
END GROUP
OUTPUT(build/MonoDelay.elf elf32-littlearm)

.debug_info     0x00000000      0xc39
 .debug_info    0x00000000      0x51f ./build/obj/_unit.o
 .debug_info    0x0000051f      0x71a ./build/obj/monodelay.o

.debug_abbrev   0x00000000      0x4c7
 .debug_abbrev  0x00000000      0x1f4 ./build/obj/_unit.o
 .debug_abbrev  0x000001f4      0x2d3 ./build/obj/monodelay.o

.debug_loc      0x00000000      0x337
 .debug_loc     0x00000000       0xb9 ./build/obj/_unit.o
 .debug_loc     0x000000b9      0x27e ./build/obj/monodelay.o

.debug_aranges  0x00000000       0x48
 .debug_aranges
                0x00000000       0x20 ./build/obj/_unit.o
 .debug_aranges
                0x00000020       0x28 ./build/obj/monodelay.o

.debug_line     0x00000000      0x58a
 .debug_line    0x00000000      0x233 ./build/obj/_unit.o
 .debug_line    0x00000233      0x357 ./build/obj/monodelay.o

.debug_str      0x00000000      0x903
 .debug_str     0x00000000      0x543 ./build/obj/_unit.o
                                0x5b6 (size before relaxing)
 .debug_str     0x00000543      0x3c0 ./build/obj/monodelay.o
                                0x5d1 (size before relaxing)

.comment        0x00000000       0x6e
 .comment       0x00000000       0x6e ./build/obj/_unit.o
                                 0x6f (size before relaxing)
 .comment       0x0000006e       0x6f ./build/obj/monodelay.o

.ARM.attributes
                0x00000000       0x39
 .ARM.attributes
                0x00000000       0x39 ./build/obj/_unit.o
 .ARM.attributes
                0x00000039       0x39 ./build/obj/monodelay.o

.debug_frame    0x00000000      0x118
 .debug_frame   0x00000000       0x88 ./build/obj/_unit.o
 .debug_frame   0x00000088       0x90 ./build/obj/monodelay.o

.debug_ranges   0x00000000       0xb8
 .debug_ranges  0x00000000       0xb8 ./build/obj/monodelay.o

Cross Reference Table

Symbol                                            File
__init_array_end                                  ./build/obj/_unit.o
__init_array_start                                ./build/obj/_unit.o
_bss_end                                          ./build/obj/_unit.o
_bss_start                                        ./build/obj/_unit.o
_entry                                            ./build/obj/_unit.o
_fx_get_bpm                                       ./build/obj/monodelay.o
_hook_init                                        ./build/obj/monodelay.o
                                                  ./build/obj/_unit.o
_hook_param                                       ./build/obj/monodelay.o
                                                  ./build/obj/_unit.o
_hook_process                                     ./build/obj/monodelay.o
                                                  ./build/obj/_unit.o
_hook_resume                                      ./build/obj/_unit.o
_hook_suspend                                     ./build/obj/_unit.o
bpm                                               ./build/obj/monodelay.o
s_len                                             ./build/obj/monodelay.o
wetXN                                             ./build/obj/monodelay.o
