
Memory Configuration

Name             Origin             Length             Attributes
SRAM             0x20019000         0x00003000         xr
SDRAM            0xc0420000         0x00260000         rw
*default*        0x00000000         0xffffffff

Linker script and memory map

LOAD ./build/obj/_unit.o
LOAD ./build/obj/HPF.o

.hooks          0x20019000       0x40
                0x20019000                . = ALIGN (0x4)
                0x20019000                _hooks_start = .
 *(.hooks)
 .hooks         0x20019000       0x40 ./build/obj/_unit.o
                0x20019040                . = ALIGN (0x4)
                0x20019040                _hooks_end = .

.init_array     0x20019040        0x4
                0x20019040                . = ALIGN (0x4)
                0x20019040                PROVIDE (__init_array_start, .)
 *(SORT(.init_array.*))
 *(.init_array*)
 .init_array    0x20019040        0x4 ./build/obj/HPF.o
                0x20019044                . = ALIGN (0x4)
                0x20019044                PROVIDE (__init_array_end, .)

.text           0x20019044      0x34c
                0x20019044                . = ALIGN (0x4)
                0x20019044                _text_start = .
 *(.text)
 .text          0x20019044       0x5c ./build/obj/_unit.o
                0x20019046                _hook_resume
                0x2001904a                _hook_suspend
                0x2001904e                _entry
 .text          0x200190a0      0x2b4 ./build/obj/HPF.o
                0x200190a0                _hook_init
                0x20019160                absolute(float)
                0x20019170                _hook_process
                0x20019218                _hook_param
 *(.text.*)
 .text.startup  0x20019354       0x3c ./build/obj/HPF.o
 *(.glue_7)
 .glue_7        0x20019390        0x0 linker stubs
 *(.glue_7t)
 .glue_7t       0x20019390        0x0 linker stubs
 *(.gcc*)
                0x20019390                . = ALIGN (0x4)
                0x20019390                _text_end = .

.vfp11_veneer   0x20019390        0x0
 .vfp11_veneer  0x20019390        0x0 linker stubs

.v4_bx          0x20019390        0x0
 .v4_bx         0x20019390        0x0 linker stubs

.iplt           0x20019390        0x0
 .iplt          0x20019390        0x0 ./build/obj/_unit.o

.rel.dyn        0x20019390        0x0
 .rel.iplt      0x20019390        0x0 ./build/obj/_unit.o

.rodata         0x20019390        0x0
                0x20019390                . = ALIGN (0x4)
                0x20019390                _rodata_start = .
 *(.rodata)
 *(.rodata.*)
                0x20019390                . = ALIGN (0x4)
                0x20019390                _rodata_end = .

.data           0x20019390       0x10
                0x20019390                . = ALIGN (0x8)
                0x20019390                _data_start = .
 *(.data)
 .data          0x20019390        0x0 ./build/obj/_unit.o
 .data          0x20019390        0xc ./build/obj/HPF.o
                0x20019390                cutoff
                0x20019394                resonance
                0x20019398                a
 *(.data.*)
                0x200193a0                . = ALIGN (0x8)
 *fill*         0x2001939c        0x4 
                0x200193a0                _data_end = .

.igot.plt       0x200193a0        0x0
 .igot.plt      0x200193a0        0x0 ./build/obj/_unit.o

.bss            0x200193a0       0x48
                0x200193a0                . = ALIGN (0x4)
                0x200193a0                _bss_start = .
 *(.bss)
 .bss           0x200193a0        0x0 ./build/obj/_unit.o
 .bss           0x200193a0       0x48 ./build/obj/HPF.o
                0x200193d8                curSampleL
                0x200193dc                curSampleR
                0x200193e0                z
                0x200193e4                b
 *(.bss.*)
 *(COMMON)
                0x200193e8                . = ALIGN (0x4)
                0x200193e8                _bss_end = .

.ARM.extab      0x200193e8        0x0
                0x200193e8                . = ALIGN (0x4)
                0x200193e8                __extab_start = .
 *(.ARM.extab* .gnu.linkonce.armextab.*)
                0x200193e8                . = ALIGN (0x4)
                0x200193e8                __extab_end = .

.ARM.exidx      0x200193e8        0x0
                0x200193e8                __exidx_start = .
 *(.ARM.exidx* .gnu.linkonce.armexidx.*)
                0x200193e8                __exidx_end = .

.eh_frame_hdr   0x200193e8        0x0
                0x200193e8                . = ALIGN (0x4)
                0x200193e8                _eh_frame_hdr_start = .
 *(.eh_frame_hdr)
                0x200193e8                . = ALIGN (0x4)
                0x200193e8                _eh_frame_hdr_end = .

.eh_frame       0x200193e8        0x0
                0x200193e8                . = ALIGN (0x4)
                0x200193e8                _eh_frame_start = .
 *(.eh_frame)
                0x200193e8                . = ALIGN (0x4)
                0x200193e8                _eh_frame_end = .

.sdram          0xc0420000        0x0
                0xc0420000                . = ALIGN (0x4)
                0xc0420000                _usr_sdram_start = .
 *(.sdram*)
                0xc0420000                . = ALIGN (0x4)
                0xc0420000                _usr_sdram_end = .
LOAD ./ld/main_api.syms
                0x0807b000                k_fx_api_version = 0x807b000
                0x0807b004                k_fx_api_platform = 0x807b004
                0x0807b100                sqrtm2log_lut_f = 0x807b100
                0x0807b504                tanpi_lut_f = 0x807b504
                0x0807b908                log_lut_f = 0x807b908
                0x0807bd0c                bitres_lut_f = 0x807bd0c
                0x0807bf10                wt_sine_lut_f = 0x807bf10
                0x0807c114                schetzen_lut_f = 0x807c114
                0x0807c318                cubicsat_lut_f = 0x807c318
                0x0807c51c                pow2_lut_f = 0x807c51c
                0x0807c920                _fx_mcu_hash = 0x807c920
                0x0807c92c                _fx_rand = 0x807c92c
                0x0807c964                _fx_white = 0x807c964
                0x0807ca88                _fx_get_bpm = 0x807ca88
                0x0807ca8c                _fx_get_bpmf = 0x807ca8c
LOAD c:/users/bradl/desktop/code projects/korgfx/korgdelayfxset/delays/tools/gcc/gcc-arm-none-eabi-5_4-2016q3/bin/../lib/gcc/arm-none-eabi/5.4.1/../../../../arm-none-eabi/lib/armv7e-m/fpu\libm.a
START GROUP
LOAD c:/users/bradl/desktop/code projects/korgfx/korgdelayfxset/delays/tools/gcc/gcc-arm-none-eabi-5_4-2016q3/bin/../lib/gcc/arm-none-eabi/5.4.1/armv7e-m/fpu\libgcc.a
LOAD c:/users/bradl/desktop/code projects/korgfx/korgdelayfxset/delays/tools/gcc/gcc-arm-none-eabi-5_4-2016q3/bin/../lib/gcc/arm-none-eabi/5.4.1/../../../../arm-none-eabi/lib/armv7e-m/fpu\libg.a
LOAD c:/users/bradl/desktop/code projects/korgfx/korgdelayfxset/delays/tools/gcc/gcc-arm-none-eabi-5_4-2016q3/bin/../lib/gcc/arm-none-eabi/5.4.1/../../../../arm-none-eabi/lib/armv7e-m/fpu\libc.a
END GROUP
OUTPUT(build/HPF.elf elf32-littlearm)

.debug_info     0x00000000     0x11df
 .debug_info    0x00000000      0x55d ./build/obj/_unit.o
 .debug_info    0x0000055d      0xc82 ./build/obj/HPF.o

.debug_abbrev   0x00000000      0x59e
 .debug_abbrev  0x00000000      0x1f4 ./build/obj/_unit.o
 .debug_abbrev  0x000001f4      0x3aa ./build/obj/HPF.o

.debug_loc      0x00000000      0x6f0
 .debug_loc     0x00000000       0xb9 ./build/obj/_unit.o
 .debug_loc     0x000000b9      0x637 ./build/obj/HPF.o

.debug_aranges  0x00000000       0x48
 .debug_aranges
                0x00000000       0x20 ./build/obj/_unit.o
 .debug_aranges
                0x00000020       0x28 ./build/obj/HPF.o

.debug_line     0x00000000      0x612
 .debug_line    0x00000000      0x250 ./build/obj/_unit.o
 .debug_line    0x00000250      0x3c2 ./build/obj/HPF.o

.debug_str      0x00000000      0xb19
 .debug_str     0x00000000      0x574 ./build/obj/_unit.o
                                0x5e7 (size before relaxing)
 .debug_str     0x00000574      0x5a5 ./build/obj/HPF.o
                                0x83d (size before relaxing)

.comment        0x00000000       0x6e
 .comment       0x00000000       0x6e ./build/obj/_unit.o
                                 0x6f (size before relaxing)
 .comment       0x0000006e       0x6f ./build/obj/HPF.o

.ARM.attributes
                0x00000000       0x39
 .ARM.attributes
                0x00000000       0x39 ./build/obj/_unit.o
 .ARM.attributes
                0x00000039       0x39 ./build/obj/HPF.o

.debug_frame    0x00000000      0x10c
 .debug_frame   0x00000000       0x88 ./build/obj/_unit.o
 .debug_frame   0x00000088       0x84 ./build/obj/HPF.o

.debug_ranges   0x00000000      0x210
 .debug_ranges  0x00000000      0x210 ./build/obj/HPF.o

Cross Reference Table

Symbol                                            File
__init_array_end                                  ./build/obj/_unit.o
__init_array_start                                ./build/obj/_unit.o
_bss_end                                          ./build/obj/_unit.o
_bss_start                                        ./build/obj/_unit.o
_entry                                            ./build/obj/_unit.o
_hook_init                                        ./build/obj/HPF.o
                                                  ./build/obj/_unit.o
_hook_param                                       ./build/obj/HPF.o
                                                  ./build/obj/_unit.o
_hook_process                                     ./build/obj/HPF.o
                                                  ./build/obj/_unit.o
_hook_resume                                      ./build/obj/_unit.o
_hook_suspend                                     ./build/obj/_unit.o
a                                                 ./build/obj/HPF.o
absolute(float)                                   ./build/obj/HPF.o
b                                                 ./build/obj/HPF.o
curSampleL                                        ./build/obj/HPF.o
curSampleR                                        ./build/obj/HPF.o
cutoff                                            ./build/obj/HPF.o
resonance                                         ./build/obj/HPF.o
tanpi_lut_f                                       ./build/obj/HPF.o
z                                                 ./build/obj/HPF.o
